
> fe@0.1.0 build
> next build

   ▲ Next.js 16.0.3 (Turbopack)

   Creating an optimized production build ...
 ✓ Compiled successfully in 13.9s
   Running TypeScript ...
   Collecting page data using 3 workers ...
   Generating static pages using 3 workers (0/15) ...
   Generating static pages using 3 workers (3/15) 
   Generating static pages using 3 workers (7/15) 
undefined
   Generating static pages using 3 workers (11/15) 
 ✓ Generating static pages using 3 workers (15/15) in 2.1s
   Finalizing page optimization ...

Route (app)
┌ ○ /
├ ○ /_not-found
├ ○ /admin
├ ○ /dashboard/user
├ ○ /dashboard/user/guidance
├ ○ /dashboard/user/report
├ ○ /dashboard/user/settings
├ ○ /dashboard/user/wallet
├ ○ /dashboard/user/workspace
├ ○ /landing
├ ○ /signin
├ ○ /signup
└ ○ /user


○  (Static)  prerendered as static content

